Netgen 1.5.314 compiled on Wed Jan 14 06:12:24 PM +07 2026
Warning: netgen command 'format' use fully-qualified name '::netgen::format'
Warning: netgen command 'global' use fully-qualified name '::netgen::global'
Reading netlist file sram_1kb_32b.lvs.sp for sram_1kb_32b.lvs.sp sram_1kb_32b
Reading netlist file sram_1kb_32b.sp for sram_1kb_32b.sp sram_1kb_32b

Reading setup file /home/cuong/OpenRAM/technology/scn4m_subm/tech/setup.tcl

Cell to equate does not exist.
Cell to equate does not exist.
Warning:  There were errors reading the setup file
Comparison output logged to file comp.out
Logging to file "comp.out" enabled

Contents of circuit 1:  Circuit: 'cell_1rw'
Circuit cell_1rw contains 6 device instances.
  Class: NMOS_VTG              instances:   4
  Class: PMOS_VTG              instances:   2
Circuit contains 7 nets.
Contents of circuit 2:  Circuit: 'cell_1rw'
Circuit cell_1rw contains 6 device instances.
  Class: NMOS_VTG              instances:   4
  Class: PMOS_VTG              instances:   2
Circuit contains 7 nets.

Circuit 1 contains 6 devices, Circuit 2 contains 6 devices.
Circuit 1 contains 7 nets,    Circuit 2 contains 7 nets.


Contents of circuit 1:  Circuit: 'replica_cell_1rw'
Circuit replica_cell_1rw contains 6 device instances.
  Class: NMOS_VTG              instances:   4
  Class: PMOS_VTG              instances:   2
Circuit contains 6 nets.
Contents of circuit 2:  Circuit: 'replica_cell_1rw'
Circuit replica_cell_1rw contains 6 device instances.
  Class: NMOS_VTG              instances:   4
  Class: PMOS_VTG              instances:   2
Circuit contains 6 nets.

Circuit 1 contains 6 devices, Circuit 2 contains 6 devices.
Circuit 1 contains 6 nets,    Circuit 2 contains 6 nets.


Contents of circuit 1:  Circuit: 'dummy_cell_1rw'
Circuit dummy_cell_1rw contains 6 device instances.
  Class: NMOS_VTG              instances:   4
  Class: PMOS_VTG              instances:   2
Circuit contains 7 nets, and 2 disconnected pins.
Contents of circuit 2:  Circuit: 'dummy_cell_1rw'
Circuit dummy_cell_1rw contains 6 device instances.
  Class: NMOS_VTG              instances:   4
  Class: PMOS_VTG              instances:   2
Circuit contains 7 nets, and 2 disconnected pins.

Circuit 1 contains 6 devices, Circuit 2 contains 6 devices.
Circuit 1 contains 7 nets,    Circuit 2 contains 7 nets.


Contents of circuit 1:  Circuit: 'sram_1kb_32b_bitcell_array'
Circuit sram_1kb_32b_bitcell_array contains 4096 device instances.
  Class: cell_1rw              instances: 4096
Circuit contains 290 nets.
Contents of circuit 2:  Circuit: 'sram_1kb_32b_bitcell_array'
Circuit sram_1kb_32b_bitcell_array contains 4096 device instances.
  Class: cell_1rw              instances: 4096
Circuit contains 290 nets.

Circuit 1 contains 4096 devices, Circuit 2 contains 4096 devices.
Circuit 1 contains 290 nets,    Circuit 2 contains 290 nets.


Contents of circuit 1:  Circuit: 'sram_1kb_32b_replica_column'
Circuit sram_1kb_32b_replica_column contains 257 device instances.
  Class: replica_cell_1rw      instances: 257
Circuit contains 261 nets.
Contents of circuit 2:  Circuit: 'sram_1kb_32b_replica_column'
Circuit sram_1kb_32b_replica_column contains 257 device instances.
  Class: replica_cell_1rw      instances: 257
Circuit contains 261 nets.

Circuit 1 contains 257 devices, Circuit 2 contains 257 devices.
Circuit 1 contains 261 nets,    Circuit 2 contains 261 nets.


Contents of circuit 1:  Circuit: 'sram_1kb_32b_dummy_array'
Circuit sram_1kb_32b_dummy_array contains 16 device instances.
  Class: dummy_cell_1rw        instances:  16
Circuit contains 35 nets.
Contents of circuit 2:  Circuit: 'sram_1kb_32b_dummy_array'
Circuit sram_1kb_32b_dummy_array contains 16 device instances.
  Class: dummy_cell_1rw        instances:  16
Circuit contains 35 nets.

Circuit 1 contains 16 devices, Circuit 2 contains 16 devices.
Circuit 1 contains 35 nets,    Circuit 2 contains 35 nets.


Contents of circuit 1:  Circuit: 'sram_1kb_32b_bitcell_array_0'
Circuit sram_1kb_32b_bitcell_array_0 contains 4096 device instances.
  Class: cell_1rw              instances: 4096
Circuit contains 290 nets.
Contents of circuit 2:  Circuit: 'sram_1kb_32b_bitcell_array_0'
Circuit sram_1kb_32b_bitcell_array_0 contains 4096 device instances.
  Class: cell_1rw              instances: 4096
Circuit contains 290 nets.

Circuit 1 contains 4096 devices, Circuit 2 contains 4096 devices.
Circuit 1 contains 290 nets,    Circuit 2 contains 290 nets.


Contents of circuit 1:  Circuit: 'sram_1kb_32b_dummy_array_4'
Circuit sram_1kb_32b_dummy_array_4 contains 16 device instances.
  Class: dummy_cell_1rw        instances:  16
Circuit contains 35 nets.
Contents of circuit 2:  Circuit: 'sram_1kb_32b_dummy_array_4'
Circuit sram_1kb_32b_dummy_array_4 contains 16 device instances.
  Class: dummy_cell_1rw        instances:  16
Circuit contains 35 nets.

Circuit 1 contains 16 devices, Circuit 2 contains 16 devices.
Circuit 1 contains 35 nets,    Circuit 2 contains 35 nets.


Contents of circuit 1:  Circuit: 'sram_1kb_32b_pnand2'
Circuit sram_1kb_32b_pnand2 contains 4 device instances.
  Class: NMOS_VTG              instances:   2
  Class: PMOS_VTG              instances:   2
Circuit contains 6 nets.
Contents of circuit 2:  Circuit: 'sram_1kb_32b_pnand2'
Circuit sram_1kb_32b_pnand2 contains 4 device instances.
  Class: NMOS_VTG              instances:   2
  Class: PMOS_VTG              instances:   2
Circuit contains 6 nets.

Circuit 1 contains 4 devices, Circuit 2 contains 4 devices.
Circuit 1 contains 6 nets,    Circuit 2 contains 6 nets.


Contents of circuit 1:  Circuit: 'sram_1kb_32b_pinv_0'
Circuit sram_1kb_32b_pinv_0 contains 2 device instances.
  Class: NMOS_VTG              instances:   1
  Class: PMOS_VTG              instances:   1
Circuit contains 4 nets.
Contents of circuit 2:  Circuit: 'sram_1kb_32b_pinv_0'
Circuit sram_1kb_32b_pinv_0 contains 2 device instances.
  Class: NMOS_VTG              instances:   1
  Class: PMOS_VTG              instances:   1
Circuit contains 4 nets.

Circuit 1 contains 2 devices, Circuit 2 contains 2 devices.
Circuit 1 contains 4 nets,    Circuit 2 contains 4 nets.


Contents of circuit 1:  Circuit: 'sram_1kb_32b_pnand3'
Circuit sram_1kb_32b_pnand3 contains 6 device instances.
  Class: NMOS_VTG              instances:   3
  Class: PMOS_VTG              instances:   3
Circuit contains 8 nets.
Contents of circuit 2:  Circuit: 'sram_1kb_32b_pnand3'
Circuit sram_1kb_32b_pnand3 contains 6 device instances.
  Class: NMOS_VTG              instances:   3
  Class: PMOS_VTG              instances:   3
Circuit contains 8 nets.

Circuit 1 contains 6 devices, Circuit 2 contains 6 devices.
Circuit 1 contains 8 nets,    Circuit 2 contains 8 nets.


Contents of circuit 1:  Circuit: 'sram_1kb_32b_pinv_1'
Circuit sram_1kb_32b_pinv_1 contains 2 device instances.
  Class: NMOS_VTG              instances:   1
  Class: PMOS_VTG              instances:   1
Circuit contains 4 nets.
Contents of circuit 2:  Circuit: 'sram_1kb_32b_pinv_1'
Circuit sram_1kb_32b_pinv_1 contains 2 device instances.
  Class: NMOS_VTG              instances:   1
  Class: PMOS_VTG              instances:   1
Circuit contains 4 nets.

Circuit 1 contains 2 devices, Circuit 2 contains 2 devices.
Circuit 1 contains 4 nets,    Circuit 2 contains 4 nets.


Contents of circuit 1:  Circuit: 'sram_1kb_32b_pinv'
Circuit sram_1kb_32b_pinv contains 2 device instances.
  Class: NMOS_VTG              instances:   1
  Class: PMOS_VTG              instances:   1
Circuit contains 4 nets.
Contents of circuit 2:  Circuit: 'sram_1kb_32b_pinv'
Circuit sram_1kb_32b_pinv contains 2 device instances.
  Class: NMOS_VTG              instances:   1
  Class: PMOS_VTG              instances:   1
Circuit contains 4 nets.

Circuit 1 contains 2 devices, Circuit 2 contains 2 devices.
Circuit 1 contains 4 nets,    Circuit 2 contains 4 nets.


Contents of circuit 1:  Circuit: 'sram_1kb_32b_replica_bitcell_array'
Circuit sram_1kb_32b_replica_bitcell_array contains 3 device instances.
  Class: sram_1kb_32b_replica_column instances:   1
  Class: sram_1kb_32b_bitcell_array instances:   1
  Class: sram_1kb_32b_dummy_array instances:   1
Circuit contains 293 nets.
Contents of circuit 2:  Circuit: 'sram_1kb_32b_replica_bitcell_array'
Circuit sram_1kb_32b_replica_bitcell_array contains 3 device instances.
  Class: sram_1kb_32b_replica_column instances:   1
  Class: sram_1kb_32b_bitcell_array instances:   1
  Class: sram_1kb_32b_dummy_array instances:   1
Circuit contains 293 nets.

Circuit 1 contains 3 devices, Circuit 2 contains 3 devices.
Circuit 1 contains 293 nets,    Circuit 2 contains 293 nets.


Contents of circuit 1:  Circuit: 'sram_1kb_32b_dummy_array_1'
Circuit sram_1kb_32b_dummy_array_1 contains 17 device instances.
  Class: dummy_cell_1rw        instances:  17
Circuit contains 37 nets.
Contents of circuit 2:  Circuit: 'sram_1kb_32b_dummy_array_1'
Circuit sram_1kb_32b_dummy_array_1 contains 17 device instances.
  Class: dummy_cell_1rw        instances:  17
Circuit contains 37 nets.

Circuit 1 contains 17 devices, Circuit 2 contains 17 devices.
Circuit 1 contains 37 nets,    Circuit 2 contains 37 nets.


Contents of circuit 1:  Circuit: 'sram_1kb_32b_dummy_array_0'
Circuit sram_1kb_32b_dummy_array_0 contains 17 device instances.
  Class: dummy_cell_1rw        instances:  17
Circuit contains 37 nets.
Contents of circuit 2:  Circuit: 'sram_1kb_32b_dummy_array_0'
Circuit sram_1kb_32b_dummy_array_0 contains 17 device instances.
  Class: dummy_cell_1rw        instances:  17
Circuit contains 37 nets.

Circuit 1 contains 17 devices, Circuit 2 contains 17 devices.
Circuit 1 contains 37 nets,    Circuit 2 contains 37 nets.


Contents of circuit 1:  Circuit: 'sram_1kb_32b_dummy_array_2'
Circuit sram_1kb_32b_dummy_array_2 contains 259 device instances.
  Class: dummy_cell_1rw        instances: 259
Circuit contains 263 nets.
Contents of circuit 2:  Circuit: 'sram_1kb_32b_dummy_array_2'
Circuit sram_1kb_32b_dummy_array_2 contains 259 device instances.
  Class: dummy_cell_1rw        instances: 259
Circuit contains 263 nets.

Circuit 1 contains 259 devices, Circuit 2 contains 259 devices.
Circuit 1 contains 263 nets,    Circuit 2 contains 263 nets.


Contents of circuit 1:  Circuit: 'sram_1kb_32b_dummy_array_3'
Circuit sram_1kb_32b_dummy_array_3 contains 259 device instances.
  Class: dummy_cell_1rw        instances: 259
Circuit contains 263 nets.
Contents of circuit 2:  Circuit: 'sram_1kb_32b_dummy_array_3'
Circuit sram_1kb_32b_dummy_array_3 contains 259 device instances.
  Class: dummy_cell_1rw        instances: 259
Circuit contains 263 nets.

Circuit 1 contains 259 devices, Circuit 2 contains 259 devices.
Circuit 1 contains 263 nets,    Circuit 2 contains 263 nets.


Contents of circuit 1:  Circuit: 'sram_1kb_32b_replica_bitcell_array_0'
Circuit sram_1kb_32b_replica_bitcell_array_0 contains 2 device instances.
  Class: sram_1kb_32b_dummy_array_4 instances:   1
  Class: sram_1kb_32b_bitcell_array_0 instances:   1
Circuit contains 291 nets.
Contents of circuit 2:  Circuit: 'sram_1kb_32b_replica_bitcell_array_0'
Circuit sram_1kb_32b_replica_bitcell_array_0 contains 2 device instances.
  Class: sram_1kb_32b_dummy_array_4 instances:   1
  Class: sram_1kb_32b_bitcell_array_0 instances:   1
Circuit contains 291 nets.

Circuit 1 contains 2 devices, Circuit 2 contains 2 devices.
Circuit 1 contains 291 nets,    Circuit 2 contains 291 nets.


Contents of circuit 1:  Circuit: 'sram_1kb_32b_dummy_array_6'
Circuit sram_1kb_32b_dummy_array_6 contains 16 device instances.
  Class: dummy_cell_1rw        instances:  16
Circuit contains 35 nets.
Contents of circuit 2:  Circuit: 'sram_1kb_32b_dummy_array_6'
Circuit sram_1kb_32b_dummy_array_6 contains 16 device instances.
  Class: dummy_cell_1rw        instances:  16
Circuit contains 35 nets.

Circuit 1 contains 16 devices, Circuit 2 contains 16 devices.
Circuit 1 contains 35 nets,    Circuit 2 contains 35 nets.


Contents of circuit 1:  Circuit: 'sram_1kb_32b_dummy_array_5'
Circuit sram_1kb_32b_dummy_array_5 contains 16 device instances.
  Class: dummy_cell_1rw        instances:  16
Circuit contains 35 nets.
Contents of circuit 2:  Circuit: 'sram_1kb_32b_dummy_array_5'
Circuit sram_1kb_32b_dummy_array_5 contains 16 device instances.
  Class: dummy_cell_1rw        instances:  16
Circuit contains 35 nets.

Circuit 1 contains 16 devices, Circuit 2 contains 16 devices.
Circuit 1 contains 35 nets,    Circuit 2 contains 35 nets.


Contents of circuit 1:  Circuit: 'sram_1kb_32b_dummy_array_7'
Circuit sram_1kb_32b_dummy_array_7 contains 259 device instances.
  Class: dummy_cell_1rw        instances: 259
Circuit contains 263 nets.
Contents of circuit 2:  Circuit: 'sram_1kb_32b_dummy_array_7'
Circuit sram_1kb_32b_dummy_array_7 contains 259 device instances.
  Class: dummy_cell_1rw        instances: 259
Circuit contains 263 nets.

Circuit 1 contains 259 devices, Circuit 2 contains 259 devices.
Circuit 1 contains 263 nets,    Circuit 2 contains 263 nets.


Contents of circuit 1:  Circuit: 'sram_1kb_32b_and2_dec'
Circuit sram_1kb_32b_and2_dec contains 2 device instances.
  Class: sram_1kb_32b_pnand2   instances:   1
  Class: sram_1kb_32b_pinv_0   instances:   1
Circuit contains 6 nets.
Contents of circuit 2:  Circuit: 'sram_1kb_32b_and2_dec'
Circuit sram_1kb_32b_and2_dec contains 2 device instances.
  Class: sram_1kb_32b_pnand2   instances:   1
  Class: sram_1kb_32b_pinv_0   instances:   1
Circuit contains 6 nets.

Circuit 1 contains 2 devices, Circuit 2 contains 2 devices.
Circuit 1 contains 6 nets,    Circuit 2 contains 6 nets.


Contents of circuit 1:  Circuit: 'sram_1kb_32b_and3_dec'
Circuit sram_1kb_32b_and3_dec contains 2 device instances.
  Class: sram_1kb_32b_pnand3   instances:   1
  Class: sram_1kb_32b_pinv_0   instances:   1
Circuit contains 7 nets.
Contents of circuit 2:  Circuit: 'sram_1kb_32b_and3_dec'
Circuit sram_1kb_32b_and3_dec contains 2 device instances.
  Class: sram_1kb_32b_pnand3   instances:   1
  Class: sram_1kb_32b_pinv_0   instances:   1
Circuit contains 7 nets.

Circuit 1 contains 2 devices, Circuit 2 contains 2 devices.
Circuit 1 contains 7 nets,    Circuit 2 contains 7 nets.


Contents of circuit 1:  Circuit: 'sram_1kb_32b_pbuf'
Circuit sram_1kb_32b_pbuf contains 2 device instances.
  Class: sram_1kb_32b_pinv_0   instances:   1
  Class: sram_1kb_32b_pinv_1   instances:   1
Circuit contains 5 nets.
Contents of circuit 2:  Circuit: 'sram_1kb_32b_pbuf'
Circuit sram_1kb_32b_pbuf contains 2 device instances.
  Class: sram_1kb_32b_pinv_0   instances:   1
  Class: sram_1kb_32b_pinv_1   instances:   1
Circuit contains 5 nets.

Circuit 1 contains 2 devices, Circuit 2 contains 2 devices.
Circuit 1 contains 5 nets,    Circuit 2 contains 5 nets.


Contents of circuit 1:  Circuit: 'sram_1kb_32b_wordline_buffer_array'
Circuit sram_1kb_32b_wordline_buffer_array contains 257 device instances.
  Class: sram_1kb_32b_pinv     instances: 257
Circuit contains 516 nets.
Contents of circuit 2:  Circuit: 'sram_1kb_32b_wordline_buffer_array'
Circuit sram_1kb_32b_wordline_buffer_array contains 257 device instances.
  Class: sram_1kb_32b_pinv     instances: 257
Circuit contains 516 nets.

Circuit 1 contains 257 devices, Circuit 2 contains 257 devices.
Circuit 1 contains 516 nets,    Circuit 2 contains 516 nets.


Contents of circuit 1:  Circuit: 'sram_1kb_32b_capped_replica_bitcell_array'
Circuit sram_1kb_32b_capped_replica_bitcell_array contains 5 device instances.
  Class: sram_1kb_32b_replica_bitcell_array instances:   1
  Class: sram_1kb_32b_dummy_array_0 instances:   1
  Class: sram_1kb_32b_dummy_array_1 instances:   1
  Class: sram_1kb_32b_dummy_array_2 instances:   1
  Class: sram_1kb_32b_dummy_array_3 instances:   1
Circuit contains 297 nets.
Contents of circuit 2:  Circuit: 'sram_1kb_32b_capped_replica_bitcell_array'
Circuit sram_1kb_32b_capped_replica_bitcell_array contains 5 device instances.
  Class: sram_1kb_32b_replica_bitcell_array instances:   1
  Class: sram_1kb_32b_dummy_array_0 instances:   1
  Class: sram_1kb_32b_dummy_array_1 instances:   1
  Class: sram_1kb_32b_dummy_array_2 instances:   1
  Class: sram_1kb_32b_dummy_array_3 instances:   1
Circuit contains 297 nets.

Circuit 1 contains 5 devices, Circuit 2 contains 5 devices.
Circuit 1 contains 297 nets,    Circuit 2 contains 297 nets.


Contents of circuit 1:  Circuit: 'sram_1kb_32b_capped_replica_bitcell_array_0'
Circuit sram_1kb_32b_capped_replica_bitcell_array_0 contains 5 device instances.
  Class: sram_1kb_32b_replica_bitcell_array_0 instances:   1
  Class: sram_1kb_32b_dummy_array_2 instances:   1
  Class: sram_1kb_32b_dummy_array_5 instances:   1
  Class: sram_1kb_32b_dummy_array_6 instances:   1
  Class: sram_1kb_32b_dummy_array_7 instances:   1
Circuit contains 295 nets.
Contents of circuit 2:  Circuit: 'sram_1kb_32b_capped_replica_bitcell_array_0'
Circuit sram_1kb_32b_capped_replica_bitcell_array_0 contains 5 device instances.
  Class: sram_1kb_32b_replica_bitcell_array_0 instances:   1
  Class: sram_1kb_32b_dummy_array_2 instances:   1
  Class: sram_1kb_32b_dummy_array_5 instances:   1
  Class: sram_1kb_32b_dummy_array_6 instances:   1
  Class: sram_1kb_32b_dummy_array_7 instances:   1
Circuit contains 295 nets.

Circuit 1 contains 5 devices, Circuit 2 contains 5 devices.
Circuit 1 contains 295 nets,    Circuit 2 contains 295 nets.


Contents of circuit 1:  Circuit: 'sram_1kb_32b_precharge_0'
Circuit sram_1kb_32b_precharge_0 contains 3 device instances.
  Class: PMOS_VTG              instances:   3
Circuit contains 4 nets.
Contents of circuit 2:  Circuit: 'sram_1kb_32b_precharge_0'
Circuit sram_1kb_32b_precharge_0 contains 3 device instances.
  Class: PMOS_VTG              instances:   3
Circuit contains 4 nets.

Circuit 1 contains 3 devices, Circuit 2 contains 3 devices.
Circuit 1 contains 4 nets,    Circuit 2 contains 4 nets.


Contents of circuit 1:  Circuit: 'sense_amp'
Circuit sense_amp contains 11 device instances.
  Class: NMOS_VTG              instances:   5
  Class: PMOS_VTG              instances:   6
Circuit contains 10 nets.
Contents of circuit 2:  Circuit: 'sense_amp'
Circuit sense_amp contains 11 device instances.
  Class: NMOS_VTG              instances:   5
  Class: PMOS_VTG              instances:   6
Circuit contains 10 nets.

Circuit 1 contains 11 devices, Circuit 2 contains 11 devices.
Circuit 1 contains 10 nets,    Circuit 2 contains 10 nets.


Contents of circuit 1:  Circuit: 'write_driver'
Circuit write_driver contains 12 device instances.
  Class: NMOS_VTG              instances:   6
  Class: PMOS_VTG              instances:   6
Circuit contains 12 nets.
Contents of circuit 2:  Circuit: 'write_driver'
Circuit write_driver contains 12 device instances.
  Class: NMOS_VTG              instances:   6
  Class: PMOS_VTG              instances:   6
Circuit contains 12 nets.

Circuit 1 contains 12 devices, Circuit 2 contains 12 devices.
Circuit 1 contains 12 nets,    Circuit 2 contains 12 nets.


Contents of circuit 1:  Circuit: 'sram_1kb_32b_hierarchical_predecode2x4'
Circuit sram_1kb_32b_hierarchical_predecode2x4 contains 6 device instances.
  Class: sram_1kb_32b_pinv_0   instances:   2
  Class: sram_1kb_32b_and2_dec instances:   4
Circuit contains 10 nets.
Contents of circuit 2:  Circuit: 'sram_1kb_32b_hierarchical_predecode2x4'
Circuit sram_1kb_32b_hierarchical_predecode2x4 contains 6 device instances.
  Class: sram_1kb_32b_pinv_0   instances:   2
  Class: sram_1kb_32b_and2_dec instances:   4
Circuit contains 10 nets.

Circuit 1 contains 6 devices, Circuit 2 contains 6 devices.
Circuit 1 contains 10 nets,    Circuit 2 contains 10 nets.


Contents of circuit 1:  Circuit: 'sram_1kb_32b_hierarchical_predecode3x8'
Circuit sram_1kb_32b_hierarchical_predecode3x8 contains 11 device instances.
  Class: sram_1kb_32b_pinv_0   instances:   3
  Class: sram_1kb_32b_and3_dec instances:   8
Circuit contains 16 nets.
Contents of circuit 2:  Circuit: 'sram_1kb_32b_hierarchical_predecode3x8'
Circuit sram_1kb_32b_hierarchical_predecode3x8 contains 11 device instances.
  Class: sram_1kb_32b_pinv_0   instances:   3
  Class: sram_1kb_32b_and3_dec instances:   8
Circuit contains 16 nets.

Circuit 1 contains 11 devices, Circuit 2 contains 11 devices.
Circuit 1 contains 16 nets,    Circuit 2 contains 16 nets.


Contents of circuit 1:  Circuit: 'sram_1kb_32b_wordline_driver'
Circuit sram_1kb_32b_wordline_driver contains 2 device instances.
  Class: sram_1kb_32b_pbuf     instances:   1
  Class: sram_1kb_32b_pnand2   instances:   1
Circuit contains 6 nets.
Contents of circuit 2:  Circuit: 'sram_1kb_32b_wordline_driver'
Circuit sram_1kb_32b_wordline_driver contains 2 device instances.
  Class: sram_1kb_32b_pbuf     instances:   1
  Class: sram_1kb_32b_pnand2   instances:   1
Circuit contains 6 nets.

Circuit 1 contains 2 devices, Circuit 2 contains 2 devices.
Circuit 1 contains 6 nets,    Circuit 2 contains 6 nets.


Contents of circuit 1:  Circuit: 'dff'
Circuit dff contains 22 device instances.
  Class: NMOS_VTG              instances:  11
  Class: PMOS_VTG              instances:  11
Circuit contains 17 nets.
Contents of circuit 2:  Circuit: 'dff'
Circuit dff contains 22 device instances.
  Class: NMOS_VTG              instances:  11
  Class: PMOS_VTG              instances:  11
Circuit contains 17 nets.

Circuit 1 contains 22 devices, Circuit 2 contains 22 devices.
Circuit 1 contains 17 nets,    Circuit 2 contains 17 nets.


Contents of circuit 1:  Circuit: 'sram_1kb_32b_pinv_3'
Circuit sram_1kb_32b_pinv_3 contains 2 device instances.
  Class: NMOS_VTG              instances:   1
  Class: PMOS_VTG              instances:   1
Circuit contains 4 nets.
Contents of circuit 2:  Circuit: 'sram_1kb_32b_pinv_3'
Circuit sram_1kb_32b_pinv_3 contains 2 device instances.
  Class: NMOS_VTG              instances:   1
  Class: PMOS_VTG              instances:   1
Circuit contains 4 nets.

Circuit 1 contains 2 devices, Circuit 2 contains 2 devices.
Circuit 1 contains 4 nets,    Circuit 2 contains 4 nets.


Contents of circuit 1:  Circuit: 'sram_1kb_32b_pinv_4'
Circuit sram_1kb_32b_pinv_4 contains 2 device instances.
  Class: NMOS_VTG              instances:   1
  Class: PMOS_VTG              instances:   1
Circuit contains 4 nets.
Contents of circuit 2:  Circuit: 'sram_1kb_32b_pinv_4'
Circuit sram_1kb_32b_pinv_4 contains 2 device instances.
  Class: NMOS_VTG              instances:   1
  Class: PMOS_VTG              instances:   1
Circuit contains 4 nets.

Circuit 1 contains 2 devices, Circuit 2 contains 2 devices.
Circuit 1 contains 4 nets,    Circuit 2 contains 4 nets.


Contents of circuit 1:  Circuit: 'sram_1kb_32b_pinv_5'
Circuit sram_1kb_32b_pinv_5 contains 2 device instances.
  Class: NMOS_VTG              instances:   1
  Class: PMOS_VTG              instances:   1
Circuit contains 4 nets.
Contents of circuit 2:  Circuit: 'sram_1kb_32b_pinv_5'
Circuit sram_1kb_32b_pinv_5 contains 2 device instances.
  Class: NMOS_VTG              instances:   1
  Class: PMOS_VTG              instances:   1
Circuit contains 4 nets.

Circuit 1 contains 2 devices, Circuit 2 contains 2 devices.
Circuit 1 contains 4 nets,    Circuit 2 contains 4 nets.


Contents of circuit 1:  Circuit: 'sram_1kb_32b_pinv_15'
Circuit sram_1kb_32b_pinv_15 contains 2 device instances.
  Class: NMOS_VTG              instances:   1
  Class: PMOS_VTG              instances:   1
Circuit contains 4 nets.
Contents of circuit 2:  Circuit: 'sram_1kb_32b_pinv_15'
Circuit sram_1kb_32b_pinv_15 contains 2 device instances.
  Class: NMOS_VTG              instances:   1
  Class: PMOS_VTG              instances:   1
Circuit contains 4 nets.

Circuit 1 contains 2 devices, Circuit 2 contains 2 devices.
Circuit 1 contains 4 nets,    Circuit 2 contains 4 nets.


Contents of circuit 1:  Circuit: 'sram_1kb_32b_pinv_16'
Circuit sram_1kb_32b_pinv_16 contains 2 device instances.
  Class: NMOS_VTG              instances:   1
  Class: PMOS_VTG              instances:   1
Circuit contains 4 nets.
Contents of circuit 2:  Circuit: 'sram_1kb_32b_pinv_16'
Circuit sram_1kb_32b_pinv_16 contains 2 device instances.
  Class: NMOS_VTG              instances:   1
  Class: PMOS_VTG              instances:   1
Circuit contains 4 nets.

Circuit 1 contains 2 devices, Circuit 2 contains 2 devices.
Circuit 1 contains 4 nets,    Circuit 2 contains 4 nets.


Contents of circuit 1:  Circuit: 'sram_1kb_32b_local_bitcell_array'
Circuit sram_1kb_32b_local_bitcell_array contains 2 device instances.
  Class: sram_1kb_32b_wordline_buffer_array instances:   1
  Class: sram_1kb_32b_capped_replica_bitcell_array instances:   1
Circuit contains 550 nets.
Contents of circuit 2:  Circuit: 'sram_1kb_32b_local_bitcell_array'
Circuit sram_1kb_32b_local_bitcell_array contains 2 device instances.
  Class: sram_1kb_32b_wordline_buffer_array instances:   1
  Class: sram_1kb_32b_capped_replica_bitcell_array instances:   1
Circuit contains 550 nets.

Circuit 1 contains 2 devices, Circuit 2 contains 2 devices.
Circuit 1 contains 550 nets,    Circuit 2 contains 550 nets.


Contents of circuit 1:  Circuit: 'sram_1kb_32b_local_bitcell_array_0'
Circuit sram_1kb_32b_local_bitcell_array_0 contains 2 device instances.
  Class: sram_1kb_32b_wordline_buffer_array instances:   1
  Class: sram_1kb_32b_capped_replica_bitcell_array_0 instances:   1
Circuit contains 548 nets.
Contents of circuit 2:  Circuit: 'sram_1kb_32b_local_bitcell_array_0'
Circuit sram_1kb_32b_local_bitcell_array_0 contains 2 device instances.
  Class: sram_1kb_32b_wordline_buffer_array instances:   1
  Class: sram_1kb_32b_capped_replica_bitcell_array_0 instances:   1
Circuit contains 548 nets.

Circuit 1 contains 2 devices, Circuit 2 contains 2 devices.
Circuit 1 contains 548 nets,    Circuit 2 contains 548 nets.


Contents of circuit 1:  Circuit: 'sram_1kb_32b_precharge_array'
Circuit sram_1kb_32b_precharge_array contains 33 device instances.
  Class: sram_1kb_32b_precharge_0 instances:  33
Circuit contains 68 nets.
Contents of circuit 2:  Circuit: 'sram_1kb_32b_precharge_array'
Circuit sram_1kb_32b_precharge_array contains 33 device instances.
  Class: sram_1kb_32b_precharge_0 instances:  33
Circuit contains 68 nets.

Circuit 1 contains 33 devices, Circuit 2 contains 33 devices.
Circuit 1 contains 68 nets,    Circuit 2 contains 68 nets.


Contents of circuit 1:  Circuit: 'sram_1kb_32b_sense_amp_array'
Circuit sram_1kb_32b_sense_amp_array contains 32 device instances.
  Class: sense_amp             instances:  32
Circuit contains 99 nets.
Contents of circuit 2:  Circuit: 'sram_1kb_32b_sense_amp_array'
Circuit sram_1kb_32b_sense_amp_array contains 32 device instances.
  Class: sense_amp             instances:  32
Circuit contains 99 nets.

Circuit 1 contains 32 devices, Circuit 2 contains 32 devices.
Circuit 1 contains 99 nets,    Circuit 2 contains 99 nets.


Contents of circuit 1:  Circuit: 'sram_1kb_32b_write_driver_array'
Circuit sram_1kb_32b_write_driver_array contains 32 device instances.
  Class: write_driver          instances:  32
Circuit contains 99 nets.
Contents of circuit 2:  Circuit: 'sram_1kb_32b_write_driver_array'
Circuit sram_1kb_32b_write_driver_array contains 32 device instances.
  Class: write_driver          instances:  32
Circuit contains 99 nets.

Circuit 1 contains 32 devices, Circuit 2 contains 32 devices.
Circuit 1 contains 99 nets,    Circuit 2 contains 99 nets.


Contents of circuit 1:  Circuit: 'sram_1kb_32b_hierarchical_decoder'
Circuit sram_1kb_32b_hierarchical_decoder contains 259 device instances.
  Class: sram_1kb_32b_hierarchical_predecode2x4 instances:   1
  Class: sram_1kb_32b_hierarchical_predecode3x8 instances:   2
  Class: sram_1kb_32b_and3_dec instances: 256
Circuit contains 286 nets.
Contents of circuit 2:  Circuit: 'sram_1kb_32b_hierarchical_decoder'
Circuit sram_1kb_32b_hierarchical_decoder contains 259 device instances.
  Class: sram_1kb_32b_hierarchical_predecode2x4 instances:   1
  Class: sram_1kb_32b_hierarchical_predecode3x8 instances:   2
  Class: sram_1kb_32b_and3_dec instances: 256
Circuit contains 286 nets.

Circuit 1 contains 259 devices, Circuit 2 contains 259 devices.
Circuit 1 contains 286 nets,    Circuit 2 contains 286 nets.


Contents of circuit 1:  Circuit: 'sram_1kb_32b_wordline_driver_array'
Circuit sram_1kb_32b_wordline_driver_array contains 256 device instances.
  Class: sram_1kb_32b_wordline_driver instances: 256
Circuit contains 515 nets.
Contents of circuit 2:  Circuit: 'sram_1kb_32b_wordline_driver_array'
Circuit sram_1kb_32b_wordline_driver_array contains 256 device instances.
  Class: sram_1kb_32b_wordline_driver instances: 256
Circuit contains 515 nets.

Circuit 1 contains 256 devices, Circuit 2 contains 256 devices.
Circuit 1 contains 515 nets,    Circuit 2 contains 515 nets.


Contents of circuit 1:  Circuit: 'sram_1kb_32b_pinv_2'
Circuit sram_1kb_32b_pinv_2 contains 2 device instances.
  Class: NMOS_VTG              instances:   1
  Class: PMOS_VTG              instances:   1
Circuit contains 4 nets.
Contents of circuit 2:  Circuit: 'sram_1kb_32b_pinv_2'
Circuit sram_1kb_32b_pinv_2 contains 2 device instances.
  Class: NMOS_VTG              instances:   1
  Class: PMOS_VTG              instances:   1
Circuit contains 4 nets.

Circuit 1 contains 2 devices, Circuit 2 contains 2 devices.
Circuit 1 contains 4 nets,    Circuit 2 contains 4 nets.


Contents of circuit 1:  Circuit: 'sram_1kb_32b_dff_buf_0'
Circuit sram_1kb_32b_dff_buf_0 contains 3 device instances.
  Class: dff                   instances:   1
  Class: sram_1kb_32b_pinv_3   instances:   1
  Class: sram_1kb_32b_pinv_4   instances:   1
Circuit contains 7 nets.
Contents of circuit 2:  Circuit: 'sram_1kb_32b_dff_buf_0'
Circuit sram_1kb_32b_dff_buf_0 contains 3 device instances.
  Class: dff                   instances:   1
  Class: sram_1kb_32b_pinv_3   instances:   1
  Class: sram_1kb_32b_pinv_4   instances:   1
Circuit contains 7 nets.

Circuit 1 contains 3 devices, Circuit 2 contains 3 devices.
Circuit 1 contains 7 nets,    Circuit 2 contains 7 nets.


Contents of circuit 1:  Circuit: 'sram_1kb_32b_pinv_8'
Circuit sram_1kb_32b_pinv_8 contains 2 device instances.
  Class: NMOS_VTG              instances:   1
  Class: PMOS_VTG              instances:   1
Circuit contains 4 nets.
Contents of circuit 2:  Circuit: 'sram_1kb_32b_pinv_8'
Circuit sram_1kb_32b_pinv_8 contains 2 device instances.
  Class: NMOS_VTG              instances:   1
  Class: PMOS_VTG              instances:   1
Circuit contains 4 nets.

Circuit 1 contains 2 devices, Circuit 2 contains 2 devices.
Circuit 1 contains 4 nets,    Circuit 2 contains 4 nets.


Contents of circuit 1:  Circuit: 'sram_1kb_32b_pinv_9'
Circuit sram_1kb_32b_pinv_9 contains 2 device instances.
  Class: NMOS_VTG              instances:   1
  Class: PMOS_VTG              instances:   1
Circuit contains 4 nets.
Contents of circuit 2:  Circuit: 'sram_1kb_32b_pinv_9'
Circuit sram_1kb_32b_pinv_9 contains 2 device instances.
  Class: NMOS_VTG              instances:   1
  Class: PMOS_VTG              instances:   1
Circuit contains 4 nets.

Circuit 1 contains 2 devices, Circuit 2 contains 2 devices.
Circuit 1 contains 4 nets,    Circuit 2 contains 4 nets.


Contents of circuit 1:  Circuit: 'sram_1kb_32b_pinv_10'
Circuit sram_1kb_32b_pinv_10 contains 2 device instances.
  Class: NMOS_VTG              instances:   1
  Class: PMOS_VTG              instances:   1
Circuit contains 4 nets.
Contents of circuit 2:  Circuit: 'sram_1kb_32b_pinv_10'
Circuit sram_1kb_32b_pinv_10 contains 2 device instances.
  Class: NMOS_VTG              instances:   1
  Class: PMOS_VTG              instances:   1
Circuit contains 4 nets.

Circuit 1 contains 2 devices, Circuit 2 contains 2 devices.
Circuit 1 contains 4 nets,    Circuit 2 contains 4 nets.


Contents of circuit 1:  Circuit: 'sram_1kb_32b_pinv_11'
Circuit sram_1kb_32b_pinv_11 contains 2 device instances.
  Class: NMOS_VTG              instances:   1
  Class: PMOS_VTG              instances:   1
Circuit contains 4 nets.
Contents of circuit 2:  Circuit: 'sram_1kb_32b_pinv_11'
Circuit sram_1kb_32b_pinv_11 contains 2 device instances.
  Class: NMOS_VTG              instances:   1
  Class: PMOS_VTG              instances:   1
Circuit contains 4 nets.

Circuit 1 contains 2 devices, Circuit 2 contains 2 devices.
Circuit 1 contains 4 nets,    Circuit 2 contains 4 nets.


Contents of circuit 1:  Circuit: 'sram_1kb_32b_pinv_12'
Circuit sram_1kb_32b_pinv_12 contains 2 device instances.
  Class: NMOS_VTG              instances:   1
  Class: PMOS_VTG              instances:   1
Circuit contains 4 nets.
Contents of circuit 2:  Circuit: 'sram_1kb_32b_pinv_12'
Circuit sram_1kb_32b_pinv_12 contains 2 device instances.
  Class: NMOS_VTG              instances:   1
  Class: PMOS_VTG              instances:   1
Circuit contains 4 nets.

Circuit 1 contains 2 devices, Circuit 2 contains 2 devices.
Circuit 1 contains 4 nets,    Circuit 2 contains 4 nets.


Contents of circuit 1:  Circuit: 'sram_1kb_32b_pnand2_0'
Circuit sram_1kb_32b_pnand2_0 contains 4 device instances.
  Class: NMOS_VTG              instances:   2
  Class: PMOS_VTG              instances:   2
Circuit contains 6 nets.
Contents of circuit 2:  Circuit: 'sram_1kb_32b_pnand2_0'
Circuit sram_1kb_32b_pnand2_0 contains 4 device instances.
  Class: NMOS_VTG              instances:   2
  Class: PMOS_VTG              instances:   2
Circuit contains 6 nets.

Circuit 1 contains 4 devices, Circuit 2 contains 4 devices.
Circuit 1 contains 6 nets,    Circuit 2 contains 6 nets.


Contents of circuit 1:  Circuit: 'sram_1kb_32b_pdriver'
Circuit sram_1kb_32b_pdriver contains 1 device instances.
  Class: sram_1kb_32b_pinv_5   instances:   1
Circuit contains 4 nets.
Contents of circuit 2:  Circuit: 'sram_1kb_32b_pdriver'
Circuit sram_1kb_32b_pdriver contains 1 device instances.
  Class: sram_1kb_32b_pinv_5   instances:   1
Circuit contains 4 nets.

Circuit 1 contains 1 devices, Circuit 2 contains 1 devices.
Circuit 1 contains 4 nets,    Circuit 2 contains 4 nets.


Contents of circuit 1:  Circuit: 'sram_1kb_32b_pinv_13'
Circuit sram_1kb_32b_pinv_13 contains 2 device instances.
  Class: NMOS_VTG              instances:   1
  Class: PMOS_VTG              instances:   1
Circuit contains 4 nets.
Contents of circuit 2:  Circuit: 'sram_1kb_32b_pinv_13'
Circuit sram_1kb_32b_pinv_13 contains 2 device instances.
  Class: NMOS_VTG              instances:   1
  Class: PMOS_VTG              instances:   1
Circuit contains 4 nets.

Circuit 1 contains 2 devices, Circuit 2 contains 2 devices.
Circuit 1 contains 4 nets,    Circuit 2 contains 4 nets.


Contents of circuit 1:  Circuit: 'sram_1kb_32b_pinv_14'
Circuit sram_1kb_32b_pinv_14 contains 2 device instances.
  Class: NMOS_VTG              instances:   1
  Class: PMOS_VTG              instances:   1
Circuit contains 4 nets.
Contents of circuit 2:  Circuit: 'sram_1kb_32b_pinv_14'
Circuit sram_1kb_32b_pinv_14 contains 2 device instances.
  Class: NMOS_VTG              instances:   1
  Class: PMOS_VTG              instances:   1
Circuit contains 4 nets.

Circuit 1 contains 2 devices, Circuit 2 contains 2 devices.
Circuit 1 contains 4 nets,    Circuit 2 contains 4 nets.


Contents of circuit 1:  Circuit: 'sram_1kb_32b_pnand3_0'
Circuit sram_1kb_32b_pnand3_0 contains 6 device instances.
  Class: NMOS_VTG              instances:   3
  Class: PMOS_VTG              instances:   3
Circuit contains 8 nets.
Contents of circuit 2:  Circuit: 'sram_1kb_32b_pnand3_0'
Circuit sram_1kb_32b_pnand3_0 contains 6 device instances.
  Class: NMOS_VTG              instances:   3
  Class: PMOS_VTG              instances:   3
Circuit contains 8 nets.

Circuit 1 contains 6 devices, Circuit 2 contains 6 devices.
Circuit 1 contains 8 nets,    Circuit 2 contains 8 nets.


Contents of circuit 1:  Circuit: 'sram_1kb_32b_pdriver_2'
Circuit sram_1kb_32b_pdriver_2 contains 1 device instances.
  Class: sram_1kb_32b_pinv_15  instances:   1
Circuit contains 4 nets.
Contents of circuit 2:  Circuit: 'sram_1kb_32b_pdriver_2'
Circuit sram_1kb_32b_pdriver_2 contains 1 device instances.
  Class: sram_1kb_32b_pinv_15  instances:   1
Circuit contains 4 nets.

Circuit 1 contains 1 devices, Circuit 2 contains 1 devices.
Circuit 1 contains 4 nets,    Circuit 2 contains 4 nets.


Contents of circuit 1:  Circuit: 'sram_1kb_32b_pdriver_3'
Circuit sram_1kb_32b_pdriver_3 contains 1 device instances.
  Class: sram_1kb_32b_pinv_16  instances:   1
Circuit contains 4 nets.
Contents of circuit 2:  Circuit: 'sram_1kb_32b_pdriver_3'
Circuit sram_1kb_32b_pdriver_3 contains 1 device instances.
  Class: sram_1kb_32b_pinv_16  instances:   1
Circuit contains 4 nets.

Circuit 1 contains 1 devices, Circuit 2 contains 1 devices.
Circuit 1 contains 4 nets,    Circuit 2 contains 4 nets.


Contents of circuit 1:  Circuit: 'sram_1kb_32b_pinv_20'
Circuit sram_1kb_32b_pinv_20 contains 2 device instances.
  Class: NMOS_VTG              instances:   1
  Class: PMOS_VTG              instances:   1
Circuit contains 4 nets.
Contents of circuit 2:  Circuit: 'sram_1kb_32b_pinv_20'
Circuit sram_1kb_32b_pinv_20 contains 2 device instances.
  Class: NMOS_VTG              instances:   1
  Class: PMOS_VTG              instances:   1
Circuit contains 4 nets.

Circuit 1 contains 2 devices, Circuit 2 contains 2 devices.
Circuit 1 contains 4 nets,    Circuit 2 contains 4 nets.


Contents of circuit 1:  Circuit: 'sram_1kb_32b_pinv_18'
Circuit sram_1kb_32b_pinv_18 contains 2 device instances.
  Class: NMOS_VTG              instances:   1
  Class: PMOS_VTG              instances:   1
Circuit contains 4 nets.
Contents of circuit 2:  Circuit: 'sram_1kb_32b_pinv_18'
Circuit sram_1kb_32b_pinv_18 contains 2 device instances.
  Class: NMOS_VTG              instances:   1
  Class: PMOS_VTG              instances:   1
Circuit contains 4 nets.

Circuit 1 contains 2 devices, Circuit 2 contains 2 devices.
Circuit 1 contains 4 nets,    Circuit 2 contains 4 nets.


Contents of circuit 1:  Circuit: 'sram_1kb_32b_pinv_19'
Circuit sram_1kb_32b_pinv_19 contains 2 device instances.
  Class: NMOS_VTG              instances:   1
  Class: PMOS_VTG              instances:   1
Circuit contains 4 nets.
Contents of circuit 2:  Circuit: 'sram_1kb_32b_pinv_19'
Circuit sram_1kb_32b_pinv_19 contains 2 device instances.
  Class: NMOS_VTG              instances:   1
  Class: PMOS_VTG              instances:   1
Circuit contains 4 nets.

Circuit 1 contains 2 devices, Circuit 2 contains 2 devices.
Circuit 1 contains 4 nets,    Circuit 2 contains 4 nets.


Contents of circuit 1:  Circuit: 'sram_1kb_32b_global_bitcell_array'
Circuit sram_1kb_32b_global_bitcell_array contains 2 device instances.
  Class: sram_1kb_32b_local_bitcell_array instances:   1
  Class: sram_1kb_32b_local_bitcell_array_0 instances:   1
Circuit contains 325 nets.
Contents of circuit 2:  Circuit: 'sram_1kb_32b_global_bitcell_array'
Circuit sram_1kb_32b_global_bitcell_array contains 2 device instances.
  Class: sram_1kb_32b_local_bitcell_array instances:   1
  Class: sram_1kb_32b_local_bitcell_array_0 instances:   1
Circuit contains 325 nets.

Circuit 1 contains 2 devices, Circuit 2 contains 2 devices.
Circuit 1 contains 325 nets,    Circuit 2 contains 325 nets.


Contents of circuit 1:  Circuit: 'sram_1kb_32b_port_data'
Circuit sram_1kb_32b_port_data contains 3 device instances.
  Class: sram_1kb_32b_precharge_array instances:   1
  Class: sram_1kb_32b_sense_amp_array instances:   1
  Class: sram_1kb_32b_write_driver_array instances:   1
Circuit contains 135 nets.
Contents of circuit 2:  Circuit: 'sram_1kb_32b_port_data'
Circuit sram_1kb_32b_port_data contains 3 device instances.
  Class: sram_1kb_32b_precharge_array instances:   1
  Class: sram_1kb_32b_sense_amp_array instances:   1
  Class: sram_1kb_32b_write_driver_array instances:   1
Circuit contains 135 nets.

Circuit 1 contains 3 devices, Circuit 2 contains 3 devices.
Circuit 1 contains 135 nets,    Circuit 2 contains 135 nets.


Contents of circuit 1:  Circuit: 'sram_1kb_32b_port_address'
Circuit sram_1kb_32b_port_address contains 3 device instances.
  Class: sram_1kb_32b_wordline_driver_array instances:   1
  Class: sram_1kb_32b_hierarchical_decoder instances:   1
  Class: sram_1kb_32b_pinv_2   instances:   1
Circuit contains 524 nets.
Contents of circuit 2:  Circuit: 'sram_1kb_32b_port_address'
Circuit sram_1kb_32b_port_address contains 3 device instances.
  Class: sram_1kb_32b_wordline_driver_array instances:   1
  Class: sram_1kb_32b_hierarchical_decoder instances:   1
  Class: sram_1kb_32b_pinv_2   instances:   1
Circuit contains 524 nets.

Circuit 1 contains 3 devices, Circuit 2 contains 3 devices.
Circuit 1 contains 524 nets,    Circuit 2 contains 524 nets.


Contents of circuit 1:  Circuit: 'sram_1kb_32b_dff_buf_array'
Circuit sram_1kb_32b_dff_buf_array contains 2 device instances.
  Class: sram_1kb_32b_dff_buf_0 instances:   2
Circuit contains 9 nets.
Contents of circuit 2:  Circuit: 'sram_1kb_32b_dff_buf_array'
Circuit sram_1kb_32b_dff_buf_array contains 2 device instances.
  Class: sram_1kb_32b_dff_buf_0 instances:   2
Circuit contains 9 nets.

Circuit 1 contains 2 devices, Circuit 2 contains 2 devices.
Circuit 1 contains 9 nets,    Circuit 2 contains 9 nets.


Contents of circuit 1:  Circuit: 'sram_1kb_32b_pdriver_0'
Circuit sram_1kb_32b_pdriver_0 contains 6 device instances.
  Class: sram_1kb_32b_pinv_10  instances:   1
  Class: sram_1kb_32b_pinv_11  instances:   1
  Class: sram_1kb_32b_pinv_12  instances:   1
  Class: sram_1kb_32b_pinv_8   instances:   2
  Class: sram_1kb_32b_pinv_9   instances:   1
Circuit contains 9 nets.
Contents of circuit 2:  Circuit: 'sram_1kb_32b_pdriver_0'
Circuit sram_1kb_32b_pdriver_0 contains 6 device instances.
  Class: sram_1kb_32b_pinv_10  instances:   1
  Class: sram_1kb_32b_pinv_11  instances:   1
  Class: sram_1kb_32b_pinv_12  instances:   1
  Class: sram_1kb_32b_pinv_8   instances:   2
  Class: sram_1kb_32b_pinv_9   instances:   1
Circuit contains 9 nets.

Circuit 1 contains 6 devices, Circuit 2 contains 6 devices.
Circuit 1 contains 9 nets,    Circuit 2 contains 9 nets.


Contents of circuit 1:  Circuit: 'sram_1kb_32b_pinv_17'
Circuit sram_1kb_32b_pinv_17 contains 2 device instances.
  Class: NMOS_VTG              instances:   1
  Class: PMOS_VTG              instances:   1
Circuit contains 4 nets.
Contents of circuit 2:  Circuit: 'sram_1kb_32b_pinv_17'
Circuit sram_1kb_32b_pinv_17 contains 2 device instances.
  Class: NMOS_VTG              instances:   1
  Class: PMOS_VTG              instances:   1
Circuit contains 4 nets.

Circuit 1 contains 2 devices, Circuit 2 contains 2 devices.
Circuit 1 contains 4 nets,    Circuit 2 contains 4 nets.


Contents of circuit 1:  Circuit: 'sram_1kb_32b_pand2'
Circuit sram_1kb_32b_pand2 contains 2 device instances.
  Class: sram_1kb_32b_pdriver  instances:   1
  Class: sram_1kb_32b_pnand2_0 instances:   1
Circuit contains 6 nets.
Contents of circuit 2:  Circuit: 'sram_1kb_32b_pand2'
Circuit sram_1kb_32b_pand2 contains 2 device instances.
  Class: sram_1kb_32b_pdriver  instances:   1
  Class: sram_1kb_32b_pnand2_0 instances:   1
Circuit contains 6 nets.

Circuit 1 contains 2 devices, Circuit 2 contains 2 devices.
Circuit 1 contains 6 nets,    Circuit 2 contains 6 nets.


Contents of circuit 1:  Circuit: 'sram_1kb_32b_pdriver_1'
Circuit sram_1kb_32b_pdriver_1 contains 2 device instances.
  Class: sram_1kb_32b_pinv_13  instances:   1
  Class: sram_1kb_32b_pinv_14  instances:   1
Circuit contains 5 nets.
Contents of circuit 2:  Circuit: 'sram_1kb_32b_pdriver_1'
Circuit sram_1kb_32b_pdriver_1 contains 2 device instances.
  Class: sram_1kb_32b_pinv_13  instances:   1
  Class: sram_1kb_32b_pinv_14  instances:   1
Circuit contains 5 nets.

Circuit 1 contains 2 devices, Circuit 2 contains 2 devices.
Circuit 1 contains 5 nets,    Circuit 2 contains 5 nets.


Contents of circuit 1:  Circuit: 'sram_1kb_32b_pand3'
Circuit sram_1kb_32b_pand3 contains 2 device instances.
  Class: sram_1kb_32b_pdriver_2 instances:   1
  Class: sram_1kb_32b_pnand3_0 instances:   1
Circuit contains 7 nets.
Contents of circuit 2:  Circuit: 'sram_1kb_32b_pand3'
Circuit sram_1kb_32b_pand3 contains 2 device instances.
  Class: sram_1kb_32b_pdriver_2 instances:   1
  Class: sram_1kb_32b_pnand3_0 instances:   1
Circuit contains 7 nets.

Circuit 1 contains 2 devices, Circuit 2 contains 2 devices.
Circuit 1 contains 7 nets,    Circuit 2 contains 7 nets.


Contents of circuit 1:  Circuit: 'sram_1kb_32b_pand3_0'
Circuit sram_1kb_32b_pand3_0 contains 2 device instances.
  Class: sram_1kb_32b_pdriver_3 instances:   1
  Class: sram_1kb_32b_pnand3_0 instances:   1
Circuit contains 7 nets.
Contents of circuit 2:  Circuit: 'sram_1kb_32b_pand3_0'
Circuit sram_1kb_32b_pand3_0 contains 2 device instances.
  Class: sram_1kb_32b_pdriver_3 instances:   1
  Class: sram_1kb_32b_pnand3_0 instances:   1
Circuit contains 7 nets.

Circuit 1 contains 2 devices, Circuit 2 contains 2 devices.
Circuit 1 contains 7 nets,    Circuit 2 contains 7 nets.


Contents of circuit 1:  Circuit: 'sram_1kb_32b_delay_chain'
Circuit sram_1kb_32b_delay_chain contains 45 device instances.
  Class: sram_1kb_32b_pinv_20  instances:  45
Circuit contains 48 nets.
Contents of circuit 2:  Circuit: 'sram_1kb_32b_delay_chain'
Circuit sram_1kb_32b_delay_chain contains 45 device instances.
  Class: sram_1kb_32b_pinv_20  instances:  45
Circuit contains 48 nets.

Circuit was modified by parallel/series device merging.
New circuit summary:

Contents of circuit 1:  Circuit: 'sram_1kb_32b_delay_chain'
Circuit sram_1kb_32b_delay_chain contains 18 device instances.
  Class: sram_1kb_32b_pinv_20  instances:  18
Circuit contains 48 nets.
Contents of circuit 2:  Circuit: 'sram_1kb_32b_delay_chain'
Circuit sram_1kb_32b_delay_chain contains 18 device instances.
  Class: sram_1kb_32b_pinv_20  instances:  18
Circuit contains 48 nets.

Circuit 1 contains 18 devices, Circuit 2 contains 18 devices.
Circuit 1 contains 21 nets,    Circuit 2 contains 21 nets.


Contents of circuit 1:  Circuit: 'sram_1kb_32b_pnand2_1'
Circuit sram_1kb_32b_pnand2_1 contains 4 device instances.
  Class: NMOS_VTG              instances:   2
  Class: PMOS_VTG              instances:   2
Circuit contains 6 nets.
Contents of circuit 2:  Circuit: 'sram_1kb_32b_pnand2_1'
Circuit sram_1kb_32b_pnand2_1 contains 4 device instances.
  Class: NMOS_VTG              instances:   2
  Class: PMOS_VTG              instances:   2
Circuit contains 6 nets.

Circuit 1 contains 4 devices, Circuit 2 contains 4 devices.
Circuit 1 contains 6 nets,    Circuit 2 contains 6 nets.


Contents of circuit 1:  Circuit: 'sram_1kb_32b_pdriver_4'
Circuit sram_1kb_32b_pdriver_4 contains 4 device instances.
  Class: sram_1kb_32b_pinv_18  instances:   1
  Class: sram_1kb_32b_pinv_19  instances:   1
  Class: sram_1kb_32b_pinv_8   instances:   2
Circuit contains 7 nets.
Contents of circuit 2:  Circuit: 'sram_1kb_32b_pdriver_4'
Circuit sram_1kb_32b_pdriver_4 contains 4 device instances.
  Class: sram_1kb_32b_pinv_18  instances:   1
  Class: sram_1kb_32b_pinv_19  instances:   1
  Class: sram_1kb_32b_pinv_8   instances:   2
Circuit contains 7 nets.

Circuit 1 contains 4 devices, Circuit 2 contains 4 devices.
Circuit 1 contains 7 nets,    Circuit 2 contains 7 nets.


Contents of circuit 1:  Circuit: 'sram_1kb_32b_bank'
Circuit sram_1kb_32b_bank contains 3 device instances.
  Class: sram_1kb_32b_port_address instances:   1
  Class: sram_1kb_32b_port_data instances:   1
  Class: sram_1kb_32b_global_bitcell_array instances:   1
Circuit contains 401 nets.
Contents of circuit 2:  Circuit: 'sram_1kb_32b_bank'
Circuit sram_1kb_32b_bank contains 3 device instances.
  Class: sram_1kb_32b_port_address instances:   1
  Class: sram_1kb_32b_port_data instances:   1
  Class: sram_1kb_32b_global_bitcell_array instances:   1
Circuit contains 401 nets.

Circuit 1 contains 3 devices, Circuit 2 contains 3 devices.
Circuit 1 contains 401 nets,    Circuit 2 contains 401 nets.


Contents of circuit 1:  Circuit: 'sram_1kb_32b_control_logic_rw'
Circuit sram_1kb_32b_control_logic_rw contains 12 device instances.
  Class: sram_1kb_32b_pinv_17  instances:   2
  Class: sram_1kb_32b_pdriver_0 instances:   1
  Class: sram_1kb_32b_pdriver_1 instances:   1
  Class: sram_1kb_32b_pdriver_4 instances:   1
  Class: sram_1kb_32b_delay_chain instances:   1
  Class: sram_1kb_32b_pand2    instances:   2
  Class: sram_1kb_32b_pand3    instances:   1
  Class: sram_1kb_32b_dff_buf_array instances:   1
  Class: sram_1kb_32b_pnand2_1 instances:   1
  Class: sram_1kb_32b_pand3_0  instances:   1
Circuit contains 21 nets.
Contents of circuit 2:  Circuit: 'sram_1kb_32b_control_logic_rw'
Circuit sram_1kb_32b_control_logic_rw contains 12 device instances.
  Class: sram_1kb_32b_pinv_17  instances:   2
  Class: sram_1kb_32b_pdriver_0 instances:   1
  Class: sram_1kb_32b_pdriver_1 instances:   1
  Class: sram_1kb_32b_pdriver_4 instances:   1
  Class: sram_1kb_32b_delay_chain instances:   1
  Class: sram_1kb_32b_pand2    instances:   2
  Class: sram_1kb_32b_pand3    instances:   1
  Class: sram_1kb_32b_dff_buf_array instances:   1
  Class: sram_1kb_32b_pnand2_1 instances:   1
  Class: sram_1kb_32b_pand3_0  instances:   1
Circuit contains 21 nets.

Circuit 1 contains 12 devices, Circuit 2 contains 12 devices.
Circuit 1 contains 21 nets,    Circuit 2 contains 21 nets.


Contents of circuit 1:  Circuit: 'sram_1kb_32b_row_addr_dff'
Circuit sram_1kb_32b_row_addr_dff contains 8 device instances.
  Class: dff                   instances:   8
Circuit contains 19 nets.
Contents of circuit 2:  Circuit: 'sram_1kb_32b_row_addr_dff'
Circuit sram_1kb_32b_row_addr_dff contains 8 device instances.
  Class: dff                   instances:   8
Circuit contains 19 nets.

Circuit 1 contains 8 devices, Circuit 2 contains 8 devices.
Circuit 1 contains 19 nets,    Circuit 2 contains 19 nets.


Contents of circuit 1:  Circuit: 'sram_1kb_32b_data_dff'
Circuit sram_1kb_32b_data_dff contains 32 device instances.
  Class: dff                   instances:  32
Circuit contains 67 nets.
Contents of circuit 2:  Circuit: 'sram_1kb_32b_data_dff'
Circuit sram_1kb_32b_data_dff contains 32 device instances.
  Class: dff                   instances:  32
Circuit contains 67 nets.

Circuit 1 contains 32 devices, Circuit 2 contains 32 devices.
Circuit 1 contains 67 nets,    Circuit 2 contains 67 nets.


Contents of circuit 1:  Circuit: 'sram_1kb_32b'
Circuit sram_1kb_32b contains 4 device instances.
  Class: sram_1kb_32b_bank     instances:   1
  Class: sram_1kb_32b_control_logic_rw instances:   1
  Class: sram_1kb_32b_data_dff instances:   1
  Class: sram_1kb_32b_row_addr_dff instances:   1
Circuit contains 123 nets.
Contents of circuit 2:  Circuit: 'sram_1kb_32b'
Circuit sram_1kb_32b contains 4 device instances.
  Class: sram_1kb_32b_bank     instances:   1
  Class: sram_1kb_32b_control_logic_rw instances:   1
  Class: sram_1kb_32b_data_dff instances:   1
  Class: sram_1kb_32b_row_addr_dff instances:   1
Circuit contains 123 nets.

Circuit 1 contains 4 devices, Circuit 2 contains 4 devices.
Circuit 1 contains 123 nets,    Circuit 2 contains 123 nets.


Final result: 
Circuits match uniquely.
.

The following cells had property errors:
 sram_1kb_32b_pnand2
 sram_1kb_32b_pinv_0
 sram_1kb_32b_pnand3
 sram_1kb_32b_pinv_1
 sram_1kb_32b_pinv
 sram_1kb_32b_precharge_0
 sram_1kb_32b_pinv_3
 sram_1kb_32b_pinv_4
 sram_1kb_32b_pinv_5
 sram_1kb_32b_pinv_15
 sram_1kb_32b_pinv_16
 sram_1kb_32b_pinv_2
 sram_1kb_32b_pinv_8
 sram_1kb_32b_pinv_9
 sram_1kb_32b_pinv_10
 sram_1kb_32b_pinv_11
 sram_1kb_32b_pinv_12
 sram_1kb_32b_pnand2_0
 sram_1kb_32b_pinv_13
 sram_1kb_32b_pinv_14
 sram_1kb_32b_pnand3_0
 sram_1kb_32b_pinv_20
 sram_1kb_32b_pinv_18
 sram_1kb_32b_pinv_19
 sram_1kb_32b_pinv_17
 sram_1kb_32b_pnand2_1

Logging to file "comp.out" disabled
LVS Done.
