[2026-01-14 03:35:12.260308] |==============================================================================|
[2026-01-14 03:35:12.260445] |=========                      OpenRAM v1.2.49                       =========|
[2026-01-14 03:35:12.260481] |=========                                                            =========|
[2026-01-14 03:35:12.260503] |=========               VLSI Design and Automation Lab               =========|
[2026-01-14 03:35:12.260522] |=========        Computer Science and Engineering Department         =========|
[2026-01-14 03:35:12.260540] |=========            University of California Santa Cruz             =========|
[2026-01-14 03:35:12.260558] |=========                                                            =========|
[2026-01-14 03:35:12.260575] |=========          Usage help: openram-user-group@ucsc.edu           =========|
[2026-01-14 03:35:12.260593] |=========        Development help: openram-dev-group@ucsc.edu        =========|
[2026-01-14 03:35:12.260610] |=========                See LICENSE for license info                =========|
[2026-01-14 03:35:12.260627] |==============================================================================|
[2026-01-14 03:35:12.260649] ** Start: 01/14/2026 03:35:12
[2026-01-14 03:35:12.260670] Technology: freepdk45
[2026-01-14 03:35:12.260689] Total size: 8192 bits
[2026-01-14 03:35:12.260710] Word size: 32
Words: 256
Banks: 1
[2026-01-14 03:35:12.260731] RW ports: 1
R-only ports: 0
W-only ports: 0
[2026-01-14 03:35:12.260750] Design supply routing skipped. Supplies will have multiple must-connect pins. (route_supplies=True to enable supply routing).
[2026-01-14 03:35:12.260767] DRC/LVS/PEX is only run on the top-level design to save run-time (inline_lvsdrc=True to do inline checking).
[2026-01-14 03:35:12.260785] DRC/LVS/PEX is disabled (check_lvsdrc=True to enable).
[2026-01-14 03:35:12.260802] Characterization is disabled (using analytical delay models) (analytical_delay=False to simulate).
[2026-01-14 03:35:12.260819] Only generating nominal corner timing.
[2026-01-14 03:35:12.260837] Words per row: 1
[2026-01-14 03:35:12.260860] Output files are: 
[2026-01-14 03:35:12.260879] /home/cuong/OpenRAM/thesis-sram/out/sram_1kb_32b.lvs
[2026-01-14 03:35:12.260896] /home/cuong/OpenRAM/thesis-sram/out/sram_1kb_32b.sp
[2026-01-14 03:35:12.260917] /home/cuong/OpenRAM/thesis-sram/out/sram_1kb_32b.v
[2026-01-14 03:35:12.260934] /home/cuong/OpenRAM/thesis-sram/out/sram_1kb_32b.lib
[2026-01-14 03:35:12.260951] /home/cuong/OpenRAM/thesis-sram/out/sram_1kb_32b.py
[2026-01-14 03:35:12.260968] /home/cuong/OpenRAM/thesis-sram/out/sram_1kb_32b.html
[2026-01-14 03:35:12.260985] /home/cuong/OpenRAM/thesis-sram/out/sram_1kb_32b.log
[2026-01-14 03:35:12.261004] /home/cuong/OpenRAM/thesis-sram/out/sram_1kb_32b.lef
[2026-01-14 03:35:12.261021] /home/cuong/OpenRAM/thesis-sram/out/sram_1kb_32b.gds
[2026-01-14 03:35:25.717200] ** Submodules: 13.4 seconds
[2026-01-14 03:35:25.736457] ** Placement: 0.0 seconds
[2026-01-14 03:37:33.060167] ** Routing: 127.3 seconds
[2026-01-14 03:37:33.063585] ** Verification: 0.0 seconds
[2026-01-14 03:37:33.063676] ** SRAM creation: 140.8 seconds
[2026-01-14 03:37:33.063715] SP: Writing to /home/cuong/OpenRAM/thesis-sram/out/sram_1kb_32b.sp
[2026-01-14 03:37:33.177364] ** Spice writing: 0.1 seconds
[2026-01-14 03:37:33.177433] DELAY: Writing stimulus...
[2026-01-14 03:37:33.757812] ** DELAY: 0.6 seconds
[2026-01-14 03:37:33.842229] GDS: Writing to /home/cuong/OpenRAM/thesis-sram/out/sram_1kb_32b.gds
[2026-01-14 03:37:34.100559] ** GDS: 0.3 seconds
[2026-01-14 03:37:34.100658] LEF: Writing to /home/cuong/OpenRAM/thesis-sram/out/sram_1kb_32b.lef
[2026-01-14 03:37:34.108700] ** LEF: 0.0 seconds
[2026-01-14 03:37:34.108751] LVS: Writing to /home/cuong/OpenRAM/thesis-sram/out/sram_1kb_32b.lvs.sp
[2026-01-14 03:37:34.191658] ** LVS writing: 0.1 seconds
[2026-01-14 03:37:34.191753] LIB: Characterizing... 
[2026-01-14 03:37:34.691619] ** Characterization: 0.5 seconds
[2026-01-14 03:37:34.691745] Config: Writing to /home/cuong/OpenRAM/thesis-sram/out/sram_1kb_32b.py
[2026-01-14 03:37:34.691781] ** Config: 0.0 seconds
[2026-01-14 03:37:34.696266] Datasheet: Writing to /home/cuong/OpenRAM/thesis-sram/out/sram_1kb_32b.html
[2026-01-14 03:37:34.697188] ** Datasheet: 0.0 seconds
[2026-01-14 03:37:34.697235] Verilog: Writing to /home/cuong/OpenRAM/thesis-sram/out/sram_1kb_32b.v
[2026-01-14 03:37:34.697331] ** Verilog: 0.0 seconds
[2026-01-14 03:37:34.698361] ** End: 142.4 seconds
